
-------------------------------------------------------------------------------
   ROBOCOPY     ::     Robust File Copy for Windows                              
-------------------------------------------------------------------------------

  Started : Tue Jun 16 15:06:41 2020

   Source : \\wmprdade03\Aderant\EX_EXPERTSHARE.PROD\
     Dest : C:\AderantExpert\Installer\EX_EXPERTSHARE.PROD\

    Files : *.*
	    
  Options : *.* /NDL /TEE /S /E /COPY:DAT /PURGE /NP /R:1 /W:1 

------------------------------------------------------------------------------

	*EXTRA Dir        -1	C:\AderantExpert\Installer\EX_EXPERTSHARE.PROD\blob_storage\19f08239-a0ba-4560-84a9-59bb4ad65dd5\
	    Newer     		   45056	\\wmprdade03\Aderant\EX_EXPERTSHARE.PROD\GPUCache\data_0
	    Newer     		  270336	\\wmprdade03\Aderant\EX_EXPERTSHARE.PROD\GPUCache\data_1
	    Newer     		  262512	\\wmprdade03\Aderant\EX_EXPERTSHARE.PROD\GPUCache\index

------------------------------------------------------------------------------

               Total    Copied   Skipped  Mismatch    FAILED    Extras
    Dirs :        54         1        53         0         0         1
   Files :      1984         3      1981         0         0         0
   Bytes :  988.68 m   564.3 k  988.13 m         0         0         0
   Times :   0:00:00   0:00:00                       0:00:00   0:00:00


   Speed :            18642064 Bytes/sec.
   Speed :            1066.707 MegaBytes/min.

   Ended : Tue Jun 16 15:06:42 2020
